// Vitest Snapshot v1, https://vitest.dev/guide/snapshot.html

exports[`Input component 1`] = `
{
  "asFragment": [Function],
  "baseElement": <body>
    <div>
      <input
        class="block rounded-md border-0 py-1.5 px-4 text-sm leading-6 text-zinc-900 placeholder:text-zinc-400 ring-1 ring-inset ring-zinc-700 focus:ring-2 focus:ring-inset focus:ring-orange-600 focus:outline-none bg-zinc-800 shadow-sm "
      />
    </div>
  </body>,
  "container": <div>
    <input
      class="block rounded-md border-0 py-1.5 px-4 text-sm leading-6 text-zinc-900 placeholder:text-zinc-400 ring-1 ring-inset ring-zinc-700 focus:ring-2 focus:ring-inset focus:ring-orange-600 focus:outline-none bg-zinc-800 shadow-sm "
    />
  </div>,
  "debug": [Function],
  "findAllByAltText": [Function],
  "findAllByDisplayValue": [Function],
  "findAllByLabelText": [Function],
  "findAllByPlaceholderText": [Function],
  "findAllByRole": [Function],
  "findAllByTestId": [Function],
  "findAllByText": [Function],
  "findAllByTitle": [Function],
  "findByAltText": [Function],
  "findByDisplayValue": [Function],
  "findByLabelText": [Function],
  "findByPlaceholderText": [Function],
  "findByRole": [Function],
  "findByTestId": [Function],
  "findByText": [Function],
  "findByTitle": [Function],
  "getAllByAltText": [Function],
  "getAllByDisplayValue": [Function],
  "getAllByLabelText": [Function],
  "getAllByPlaceholderText": [Function],
  "getAllByRole": [Function],
  "getAllByTestId": [Function],
  "getAllByText": [Function],
  "getAllByTitle": [Function],
  "getByAltText": [Function],
  "getByDisplayValue": [Function],
  "getByLabelText": [Function],
  "getByPlaceholderText": [Function],
  "getByRole": [Function],
  "getByTestId": [Function],
  "getByText": [Function],
  "getByTitle": [Function],
  "queryAllByAltText": [Function],
  "queryAllByDisplayValue": [Function],
  "queryAllByLabelText": [Function],
  "queryAllByPlaceholderText": [Function],
  "queryAllByRole": [Function],
  "queryAllByTestId": [Function],
  "queryAllByText": [Function],
  "queryAllByTitle": [Function],
  "queryByAltText": [Function],
  "queryByDisplayValue": [Function],
  "queryByLabelText": [Function],
  "queryByPlaceholderText": [Function],
  "queryByRole": [Function],
  "queryByTestId": [Function],
  "queryByText": [Function],
  "queryByTitle": [Function],
  "rerender": [Function],
  "unmount": [Function],
}
`;
